{
  "impacted_files": [
    {
      "file_path": "../../src/handler.md",
      "impacted_by": [
        "docs/auth/design.md"
      ],
      "relation_types": [
        "markdown_link"
      ],
      "score": 1.0
    },
    {
      "file_path": "api-spec",
      "impacted_by": [
        "docs/auth/design.md"
      ],
      "relation_types": [
        "markdown_link"
      ],
      "score": 1.0
    },
    {
      "file_path": "docs/api-spec.md",
      "impacted_by": [
        "docs/auth/design.md"
      ],
      "relation_types": [
        "path_similarity",
        "tag_match"
      ],
      "score": 0.8999999761581421
    },
    {
      "file_path": "src/handler.md",
      "impacted_by": [
        "docs/auth/design.md"
      ],
      "relation_types": [
        "tag_match"
      ],
      "score": 0.5
    }
  ],
  "input_files": [
    "docs/auth/design.md"
  ],
  "total_impacted_files": 4,
  "total_input_files": 1
}
